// Jest Snapshot v1, https://goo.gl/fbAQLP

exports[`Root should match with snapshot 1`] = `
<styled.div>
  <styled.div>
    <styled.h1>
      Animal Query
    </styled.h1>
    <AnimalQuery
      onChangeToAnimalDisplay={[Function]}
    />
  </styled.div>
</styled.div>
`;
